Update with the same members: same=true
Update with different members: same=false
---- Record update ----
Record update different item takes more time:true
